// Jest Snapshot v1, https://goo.gl/fbAQLP

exports[`matches snapshot 1`] = `
<div
  className="MuiGrid-root MuiGrid-item MuiGrid-grid-xs-12 MuiGrid-grid-sm-12 MuiGrid-grid-md-12 css-13i4rnv-MuiGrid-root"
>
  <div
    className="MuiPaper-root MuiPaper-elevation MuiPaper-rounded MuiPaper-elevation1 MuiCard-root css-4ob670-MuiPaper-root-MuiCard-root"
    data-testid="taskcard-1"
  >
    <div
      className="MuiCardContent-root css-46bh2p-MuiCardContent-root"
    >
      <div
        className="css-d3ri6l-MuiStack-root"
      >
        <span
          className="MuiTypography-root MuiTypography-caption MuiTypography-gutterBottom css-10c8ihp-MuiTypography-root"
        >
          created at: 
          21 Sep 2022 18:37
        </span>
        <span
          className="MuiTypography-root MuiTypography-caption MuiTypography-gutterBottom css-10c8ihp-MuiTypography-root"
        >
          last updated at: 
          21 Sep 2022 18:37
        </span>
      </div>
      <a
        className="MuiTypography-root MuiTypography-subtitle2 MuiLink-root MuiLink-underlineHover css-18c0h9j-MuiTypography-root-MuiLink-root"
        href="/"
        onBlur={[Function]}
        onClick={[Function]}
        onFocus={[Function]}
      >
        Maintenance work required for a location near Madu river.
      </a>
    </div>
  </div>
</div>
`;
